Reading pref.tcl

# 2021.1

# vsim -c tb_processing_element -do "run -all; quit -f" 
# Start time: 17:34:56 on Jul 30,2026
# ** Note: (vsim-3812) Design is being optimized...
# //  Questa Sim-64
# //  Version 2021.1 win64 Jan 19 2021
# //
# //  Copyright 1991-2021 Mentor Graphics Corporation
# //  All Rights Reserved.
# //
# //  QuestaSim and its associated documentation contain trade
# //  secrets and commercial or financial information that are the property of
# //  Mentor Graphics Corporation and are privileged, confidential,
# //  and exempt from disclosure under the Freedom of Information Act,
# //  5 U.S.C. Section 552. Furthermore, this information
# //  is prohibited from disclosure under the Trade Secrets Act,
# //  18 U.S.C. Section 1905.
# //
# Loading sv_std.std
# Loading work.tb_processing_element(fast)
# run -all
# =====================================================================
#  tb_processing_element  --  unit test for MAC.sv
# =====================================================================
#  DUT           : processing_element (one weight-stationary MAC cell)
#  Data types    : a_in/weight int8 signed, psum int32 signed
#  Convention    : A - drive after posedge, next posedge consumes, then sample
# 
#  BEHAVIOUR UNDER TEST
#    weight_q <= psum_in[7:0]                    when wload
#    a_q      <= a_in ;  valid_q <= valid_in     every clock
#    psum_q   <= valid_in ? psum_in + weight_q*a_in : psum_in
#    psum_out  = wload ? 32'(weight_q) : psum_q  (combinational mux)
# 
#  TEST PLAN
#    T1  reset clears all four registers
#    T2  directed MAC arithmetic, hand-computed constants (a,b,c,d)
#    T3  valid_in low bypasses the adder
#    T4  weight-shift path: psum_out exposes the stored weight
#    T5  horizontal pipeline: a_in/valid_in delayed by one clock
#    T6  500 random cycles against a cycle-accurate reference model
#    T7  reset asserted mid-stream, then correct operation after release
# =====================================================================
# 
#   -----------------------------------------------------------------
#   T1 : reset clears every register
#   -----------------------------------------------------------------
#     after 4 clocks with rst_n=0:  a_out=0  valid_out=0  psum_out=0
#     reset released, reference model zeroed
#     T1 ends: 3 checks, 0 errors  [PASS]
# 
#   -----------------------------------------------------------------
#   T2 : directed MAC arithmetic, hand-computed
#   -----------------------------------------------------------------
#     step     | wl vld   a_in      psum_in |  a_out vld_o      psum_out |      expected
#     ---------+------------------------------+------------------------------+--------------
#     T2a: load weight=3, then compute 100 + 3*5
#     T2a-ld   |  1   0      0            3 |      0     0             3 |             3
#     T2a-mac  |  0   1      5          100 |      5     1           115 |           115
#          -> psum_out = 115   (expected 115)
#     T2b: negative weight, positive activation: 0 + (-4)*7
#     T2b-ld   |  1   0      0           -4 |      0     0            -4 |            -4
#     T2b-mac  |  0   1      7            0 |      7     1           -28 |           -28
#          -> psum_out = -28   (expected -28)
#     T2c: both operands most-negative: (-128)*(-128)
#     T2c-ld   |  1   0      0         -128 |      0     0          -128 |          -128
#     T2c-mac  |  0   1   -128            0 |   -128     1         16384 |         16384
#          -> psum_out = 16384   (expected 16384, the signed-multiply corner)
#     T2d: mixed sign with a running sum: 50 + 127*(-2)
#     T2d-ld   |  1   0      0          127 |      0     0           127 |           127
#     T2d-mac  |  0   1     -2           50 |     -2     1          -204 |          -204
#          -> psum_out = -204   (expected -204)
#     T2 ends: 28 checks, 0 errors  [PASS]
# 
#   -----------------------------------------------------------------
#   T3 : valid_in low bypasses the adder
#   -----------------------------------------------------------------
#     step     | wl vld   a_in      psum_in |  a_out vld_o      psum_out |      expected
#     ---------+------------------------------+------------------------------+--------------
#     T3-ld    |  1   0      0           10 |      0     0            10 |            10
#     T3-byp   |  0   0      9          777 |      9     0           777 |           777
#     weight=10 and a_in=9 were present, but valid_in=0, so psum_in
#     passed through unchanged: psum_out = 777 (not 777+90=867).
#     T3 ends: 7 checks, 0 errors  [PASS]
# 
#   -----------------------------------------------------------------
#   T4 : weight-shift path exposes the stored weight
#   -----------------------------------------------------------------
#     step     | wl vld   a_in      psum_in |  a_out vld_o      psum_out |      expected
#     ---------+------------------------------+------------------------------+--------------
#     T4-ld1   |  1   0      0           -3 |      0     0            -3 |            -3
#     during wload, psum_out = 0xfffffffd = -3 (weight sign-extended to 32 bits)
#     T4-ld2   |  1   0      0            0 |      0     0             0 |             0
#     feeding a second weight immediately replaces what the mux shows;
#     this combinational path is what makes a column a shift register.
#     T4 ends: 8 checks, 0 errors  [PASS]
# 
#   -----------------------------------------------------------------
#   T5 : horizontal pipeline delays a_in and valid_in
#   -----------------------------------------------------------------
#     step     | wl vld   a_in      psum_in |  a_out vld_o      psum_out |      expected
#     ---------+------------------------------+------------------------------+--------------
#     T5-push  |  0   1     42            0 |     42     1             0 |             0
#     T5-drain |  0   0      0            0 |      0     0             0 |             0
#     a_in=42 appeared on a_out one clock later, with valid_out alongside it.
#     T5 ends: 10 checks, 0 errors  [PASS]
# 
#   -----------------------------------------------------------------
#   T6 : 500 random cycles vs reference model
#   -----------------------------------------------------------------
#     stimulus mix: wload ~10% of cycles, valid_in ~75%,
#     a_in and psum_in fully random over their signed ranges.
#     every cycle below is checked on a_out, valid_out and psum_out.
#     step     | wl vld   a_in      psum_in |  a_out vld_o      psum_out |      expected
#     ---------+------------------------------+------------------------------+--------------
#     r0       |  0   0   -100    808499740 |   -100     0     808499740 |     808499740
#     r1       |  1   1     22   1164894660 |     22     1           -60 |           -60
#     r2       |  0   1     -8   1086344187 |     -8     1    1086344667 |    1086344667
#     r3       |  0   1     -4   1757704357 |     -4     1    1757704597 |    1757704597
#     r4       |  0   1   -112   1810930967 |   -112     1    1810937687 |    1810937687
#     r5       |  0   1   -122    601663508 |   -122     1     601670828 |     601670828
#     r6       |  0   0     79    118364082 |     79     0     118364082 |     118364082
#     r7       |  0   1     30  -2106635348 |     30     1   -2106637148 |   -2106637148
#     r8       |  0   0    -98   1304698757 |    -98     0    1304698757 |    1304698757
#     r9       |  0   1     82  -1259906899 |     82     1   -1259911819 |   -1259911819
#     r10      |  0   0   -103    605950912 |   -103     0     605950912 |     605950912
#     r11      |  0   0    -31   -223784056 |    -31     0    -223784056 |    -223784056
#     r12      |  0   1     20  -1138641393 |     20     1   -1138642593 |   -1138642593
#     r13      |  0   1     72    328921559 |     72     1     328917239 |     328917239
#     r14      |  0   1    -11    352707224 |    -11     1     352707884 |     352707884
#     r15      |  1   1    113   -739291711 |    113     1           -63 |           -63
#     r16      |  0   1    126   -848662385 |    126     1    -848670323 |    -848670323
#     r17      |  0   1     56    530592171 |     56     1     530588643 |     530588643
#     r18      |  0   1     24  -1032663167 |     24     1   -1032664679 |   -1032664679
#     r19      |  0   1    -31  -1972459784 |    -31     1   -1972457831 |   -1972457831
#     r20      |  0   1     13    238127767 |     13     1     238126948 |     238126948
#     r21      |  1   1    -63   -444288179 |    -63     1            77 |            77
#     r22      |  0   1    -55   -266196010 |    -55     1    -266200245 |    -266200245
#     r23      |  0   1    -42   -150553207 |    -42     1    -150556441 |    -150556441
#     r24      |  0   1    -32    143189519 |    -32     1     143187055 |     143187055
#     r25      |  0   0     63  -2130233437 |     63     0   -2130233437 |   -2130233437
#     r26      |  0   1    125   1849919054 |    125     1    1849928679 |    1849928679
#     r27      |  1   1    -30  -1866723621 |    -30     1           -37 |           -37
#     r28      |  0   1     -4  -1064613007 |     -4     1   -1064612859 |   -1064612859
#     r29      |  0   1   -119    420984873 |   -119     1     420989276 |     420989276
#     r30      |  0   1    -83    256879703 |    -83     1     256882774 |     256882774
#     r31      |  0   0    125   -836455308 |    125     0    -836455308 |    -836455308
#     r32      |  0   1    -81    907193689 |    -81     1     907196686 |     907196686
#     r33      |  0   1     30    262572572 |     30     1     262571462 |     262571462
#     r34      |  0   0     37   -300662934 |     37     0    -300662934 |    -300662934
#     r35      |  0   1      0   -941665229 |      0     1    -941665229 |    -941665229
#     r36      |  0   1     94   1534361787 |     94     1    1534358309 |    1534358309
#     r37      |  0   1     65  -1222234053 |     65     1   -1222236458 |   -1222236458
#     r38      |  0   0    121   -901180639 |    121     0    -901180639 |    -901180639
#     r39      |  0   1    -84   1593712019 |    -84     1    1593715127 |    1593715127
#     r40      |  1   0   -113  -2086198010 |   -113     0             6 |             6
#     r41      |  0   1    -75   1135201093 |    -75     1    1135200643 |    1135200643
#     r42      |  0   1    -80    686901503 |    -80     1     686901023 |     686901023
#     r43      |  0   1    -86   -441438944 |    -86     1    -441439460 |    -441439460
#     r44      |  0   1    -46  -1974016723 |    -46     1   -1974016999 |   -1974016999
#     r45      |  0   1     -8   -830630484 |     -8     1    -830630532 |    -830630532
#     r46      |  0   0    120  -2041438860 |    120     0   -2041438860 |   -2041438860
#     r47      |  0   0     89    144407168 |     89     0     144407168 |     144407168
#     r48      |  0   1     85   1721429472 |     85     1    1721429982 |    1721429982
#     r49      |  0   1    -81    618057772 |    -81     1     618057286 |     618057286
#     r50      |  0   0     13  -1045856949 |     13     0   -1045856949 |   -1045856949
#     r51      |  0   1     99   -599659291 |     99     1    -599658697 |    -599658697
#     r52      |  0   1   -128   1061349341 |   -128     1    1061348573 |    1061348573
#     r53      |  0   1   -118   1263843875 |   -118     1    1263843167 |    1263843167
#     r54      |  0   0   -107    668665250 |   -107     0     668665250 |     668665250
#     r55      |  0   1     85    244346863 |     85     1     244347373 |     244347373
#     r56      |  0   1     56  -1465772816 |     56     1   -1465772480 |   -1465772480
#     r57      |  0   0    -68   -900288260 |    -68     0    -900288260 |    -900288260
#     r58      |  0   1    -70   1703698272 |    -70     1    1703697852 |    1703697852
#     r59      |  0   1     57  -1930826202 |     57     1   -1930825860 |   -1930825860
#     r60      |  0   1     26  -1319641169 |     26     1   -1319641013 |   -1319641013
#     r61      |  0   1    100   1425669297 |    100     1    1425669897 |    1425669897
#     r62      |  1   1   -101  -1863832136 |   -101     1           -72 |           -72
#     r63      |  0   0    -69    317968124 |    -69     0     317968124 |     317968124
#     r64      |  0   1      2  -1056544510 |      2     1   -1056544654 |   -1056544654
#     r65      |  0   1     71    840017841 |     71     1     840012729 |     840012729
#     r66      |  0   1     54  -2125136003 |     54     1   -2125139891 |   -2125139891
#     r67      |  0   1    -37   1005188343 |    -37     1    1005191007 |    1005191007
#     r68      |  0   1   -119   -395378687 |   -119     1    -395370119 |    -395370119
#     r69      |  0   1    -96    242869789 |    -96     1     242876701 |     242876701
#     r70      |  0   1    105   1491466364 |    105     1    1491458804 |    1491458804
#     r71      |  0   1     88   1052505859 |     88     1    1052499523 |    1052499523
#     r72      |  0   1     62   -343745058 |     62     1    -343749522 |    -343749522
#     r73      |  0   0      3     89329459 |      3     0      89329459 |      89329459
#     r74      |  0   1    111   1946829256 |    111     1    1946821264 |    1946821264
#     r75      |  0   1    -36    728381514 |    -36     1     728384106 |     728384106
#     r76      |  0   0     70   -953822392 |     70     0    -953822392 |    -953822392
#     r77      |  1   1    -58  -1850543973 |    -58     1          -101 |          -101
#     r78      |  0   1     -7   -237084762 |     -7     1    -237084055 |    -237084055
#     r79      |  0   1     38    267475348 |     38     1     267471510 |     267471510
#     r80      |  0   1    -93    505307536 |    -93     1     505316929 |     505316929
#     r81      |  0   0     99   -278748938 |     99     0    -278748938 |    -278748938
#     r82      |  0   0     24  -1007884887 |     24     0   -1007884887 |   -1007884887
#     r83      |  0   1    -78  -1821516028 |    -78     1   -1821508150 |   -1821508150
#     r84      |  0   1   -104  -1591558810 |   -104     1   -1591548306 |   -1591548306
#     r85      |  0   0    -92  -1065987065 |    -92     0   -1065987065 |   -1065987065
#     r86      |  0   0    -46   1045518344 |    -46     0    1045518344 |    1045518344
#     r87      |  0   1     57    610773994 |     57     1     610768237 |     610768237
#     r88      |  0   0     72    938083748 |     72     0     938083748 |     938083748
#     r89      |  0   0     84   1993350766 |     84     0    1993350766 |    1993350766
#     r90      |  0   0   -101  -1055957862 |   -101     0   -1055957862 |   -1055957862
#     r91      |  0   1      6  -1068538600 |      6     1   -1068539206 |   -1068539206
#     r92      |  0   0      5  -1726214553 |      5     0   -1726214553 |   -1726214553
#     r93      |  0   1    -41   -259411454 |    -41     1    -259407313 |    -259407313
#     r94      |  0   1     36    487449519 |     36     1     487445883 |     487445883
#     r95      |  0   1    -33   -848088680 |    -33     1    -848085347 |    -848085347
#     r96      |  0   1    126  -1964522982 |    126     1   -1964535708 |   -1964535708
#     r97      |  0   0     54   -824296187 |     54     0    -824296187 |    -824296187
#     r98      |  0   1    -30   -499705189 |    -30     1    -499702159 |    -499702159
#     r99      |  1   1    -12  -1739810753 |    -12     1            63 |            63
#     r100     |  0   1    -45    675899796 |    -45     1     675896961 |     675896961
#     r101     |  1   1   -118   -776145498 |   -118     1           -90 |           -90
#     r102     |  0   1    -59    760453536 |    -59     1     760458846 |     760458846
#     r103     |  0   1    -19  -1000305761 |    -19     1   -1000304051 |   -1000304051
#     r104     |  0   0    -27   -629594685 |    -27     0    -629594685 |    -629594685
#     r105     |  0   1    -47    371570564 |    -47     1     371574794 |     371574794
#     r106     |  0   1     23    -16035649 |     23     1     -16037719 |     -16037719
#     r107     |  0   0    -88   -366595263 |    -88     0    -366595263 |    -366595263
#     r108     |  0   1     12   1750469872 |     12     1    1750468792 |    1750468792
#     r109     |  0   1     62  -1922201930 |     62     1   -1922207510 |   -1922207510
#     r110     |  0   1    -36    577117828 |    -36     1     577121068 |     577121068
#     r111     |  0   0     28   2068571304 |     28     0    2068571304 |    2068571304
#     r112     |  0   1    -52   1691166287 |    -52     1    1691170967 |    1691170967
#     r113     |  0   1    117   1101895164 |    117     1    1101884634 |    1101884634
#     r114     |  0   1   -125   -956835148 |   -125     1    -956823898 |    -956823898
#     r115     |  0   0    -91  -1462929213 |    -91     0   -1462929213 |   -1462929213
#     r116     |  0   1     16   -676107953 |     16     1    -676109393 |    -676109393
#     r117     |  0   1    -60  -1209851982 |    -60     1   -1209846582 |   -1209846582
#     r118     |  0   1      5  -1774035451 |      5     1   -1774035901 |   -1774035901
#     r119     |  0   0     95   -268858563 |     95     0    -268858563 |    -268858563
#     r120     |  0   1    -46   1454179211 |    -46     1    1454183351 |    1454183351
#     r121     |  0   1     -3   1762674144 |     -3     1    1762674414 |    1762674414
#     r122     |  0   0    -33  -1855473806 |    -33     0   -1855473806 |   -1855473806
#     r123     |  0   0     19  -2009157486 |     19     0   -2009157486 |   -2009157486
#     r124     |  0   1     19   -530685209 |     19     1    -530686919 |    -530686919
#     r125     |  0   0    104   1662127799 |    104     0    1662127799 |    1662127799
#     r126     |  1   1   -118  -1606274897 |   -118     1           -81 |           -81
#     r127     |  0   1     62    915435412 |     62     1     915430390 |     915430390
#     r128     |  0   1    -60   1898746209 |    -60     1    1898751069 |    1898751069
#     r129     |  0   1     87    747103461 |     87     1     747096414 |     747096414
#     r130     |  0   0     77  -1974027111 |     77     0   -1974027111 |   -1974027111
#     r131     |  0   1      1   -583496036 |      1     1    -583496117 |    -583496117
#     r132     |  0   0    -94  -1623011282 |    -94     0   -1623011282 |   -1623011282
#     r133     |  1   1     30   2078966512 |     30     1           -16 |           -16
#     r134     |  0   0     -9   -380003592 |     -9     0    -380003592 |    -380003592
#     r135     |  0   0    -48  -1214944048 |    -48     0   -1214944048 |   -1214944048
#     r136     |  0   1    -72   1024514685 |    -72     1    1024515837 |    1024515837
#     r137     |  0   0    -88    474704611 |    -88     0     474704611 |     474704611
#     r138     |  1   1      7   -624488241 |      7     1           -49 |           -49
#     r139     |  1   1      9  -1989580398 |      9     1          -110 |          -110
#     r140     |  0   0    -30  -2039061365 |    -30     0   -2039061365 |   -2039061365
#     r141     |  0   1     51   -285487959 |     51     1    -285493569 |    -285493569
#     r142     |  0   1   -122   -206210258 |   -122     1    -206196838 |    -206196838
#     r143     |  0   1     83   1846141919 |     83     1    1846132789 |    1846132789
#     r144     |  1   1     10   1214523170 |     10     1            34 |            34
#     r145     |  0   1     98    751105727 |     98     1     751109059 |     751109059
#     r146     |  0   0    -21   -744218881 |    -21     0    -744218881 |    -744218881
#     r147     |  0   1     55   -624583371 |     55     1    -624581501 |    -624581501
#     r148     |  0   1   -127   -478314803 |   -127     1    -478319121 |    -478319121
#     r149     |  0   0     14   -126778680 |     14     0    -126778680 |    -126778680
#     r150     |  0   1   -128   1078814583 |   -128     1    1078810231 |    1078810231
#     r151     |  0   0    -59   2020003043 |    -59     0    2020003043 |    2020003043
#     r152     |  0   1    -74  -1175278417 |    -74     1   -1175280933 |   -1175280933
#     r153     |  0   1    -45   1643684247 |    -45     1    1643682717 |    1643682717
#     r154     |  0   1     40   1706356398 |     40     1    1706357758 |    1706357758
#     r155     |  0   1   -117  -1173211550 |   -117     1   -1173215528 |   -1173215528
#     r156     |  0   1     93   2014175776 |     93     1    2014178938 |    2014178938
#     r157     |  0   0    -16    856735865 |    -16     0     856735865 |     856735865
#     r158     |  0   1     15   2132627476 |     15     1    2132627986 |    2132627986
#     r159     |  0   0   -114   1580746389 |   -114     0    1580746389 |    1580746389
#     r160     |  1   1     15   -227707260 |     15     1          -124 |          -124
#     r161     |  1   1    -30    553271803 |    -30     1            -5 |            -5
#     r162     |  0   1     24  -1494521846 |     24     1   -1494521966 |   -1494521966
#     r163     |  0   1     70  -1923307968 |     70     1   -1923308318 |   -1923308318
#     r164     |  1   1     55  -1750911248 |     55     1           -16 |           -16
#     r165     |  1   1    -56  -1892719093 |    -56     1            11 |            11
#     r166     |  0   1    -65  -1103151838 |    -65     1   -1103152553 |   -1103152553
#     r167     |  0   1    -36  -1133181530 |    -36     1   -1133181926 |   -1133181926
#     r168     |  0   1     11   -720955110 |     11     1    -720954989 |    -720954989
#     r169     |  0   0   -110    138933264 |   -110     0     138933264 |     138933264
#     r170     |  0   1    -12   -389351289 |    -12     1    -389351421 |    -389351421
#     r171     |  0   1    -29   1530864585 |    -29     1    1530864266 |    1530864266
#     r172     |  0   1    -50     63942295 |    -50     1      63941745 |      63941745
#     r173     |  0   1    -15   -745334306 |    -15     1    -745334471 |    -745334471
#     r174     |  0   1     56   1265977962 |     56     1    1265978578 |    1265978578
#     r175     |  0   1   -106   -858442742 |   -106     1    -858443908 |    -858443908
#     r176     |  0   1    124  -1734984646 |    124     1   -1734983282 |   -1734983282
#     r177     |  0   0     44   1620119668 |     44     0    1620119668 |    1620119668
#     r178     |  0   0    -75  -1116293521 |    -75     0   -1116293521 |   -1116293521
#     r179     |  0   1     -3   1259489666 |     -3     1    1259489633 |    1259489633
#     r180     |  0   1     68   -916020087 |     68     1    -916019339 |    -916019339
#     r181     |  0   1     20    -71447351 |     20     1     -71447131 |     -71447131
#     r182     |  0   1     79  -1971640364 |     79     1   -1971639495 |   -1971639495
#     r183     |  0   1   -104   -743130845 |   -104     1    -743131989 |    -743131989
#     r184     |  0   1     74   1184873978 |     74     1    1184874792 |    1184874792
#     r185     |  0   1      3  -1808927270 |      3     1   -1808927237 |   -1808927237
#     r186     |  0   1     23   2006814063 |     23     1    2006814316 |    2006814316
#     r187     |  0   1    124   2121376808 |    124     1    2121378172 |    2121378172
#     r188     |  0   0    -10    996066701 |    -10     0     996066701 |     996066701
#     r189     |  0   1     12   1706905573 |     12     1    1706905705 |    1706905705
#     r190     |  0   1   -105    211475082 |   -105     1     211473927 |     211473927
#     r191     |  0   1    -42   1196009351 |    -42     1    1196008889 |    1196008889
#     r192     |  0   1    -64   -716198900 |    -64     1    -716199604 |    -716199604
#     r193     |  0   0    -61  -1275939801 |    -61     0   -1275939801 |   -1275939801
#     r194     |  0   0     72  -2038819647 |     72     0   -2038819647 |   -2038819647
#     r195     |  0   1    126   1237509227 |    126     1    1237510613 |    1237510613
#     r196     |  0   1     33  -1931074603 |     33     1   -1931074240 |   -1931074240
#     r197     |  0   1     79    845349478 |     79     1     845350347 |     845350347
#     r198     |  0   0    -37  -1533438751 |    -37     0   -1533438751 |   -1533438751
#     r199     |  0   0   -105   1183594703 |   -105     0    1183594703 |    1183594703
#     r200     |  0   1    123   1552385458 |    123     1    1552386811 |    1552386811
#     r201     |  0   1    102  -1043471627 |    102     1   -1043470505 |   -1043470505
#     r202     |  0   1     83   -857060281 |     83     1    -857059368 |    -857059368
#     r203     |  1   1   -113   2106939176 |   -113     1            40 |            40
#     r204     |  0   1     99    200635613 |     99     1     200639573 |     200639573
#     r205     |  0   1     65    748567504 |     65     1     748570104 |     748570104
#     r206     |  1   1    102  -1309573952 |    102     1           -64 |           -64
#     r207     |  0   0    106  -1153236281 |    106     0   -1153236281 |   -1153236281
#     r208     |  0   0    -61   -120524144 |    -61     0    -120524144 |    -120524144
#     r209     |  0   1     -8   1912356656 |     -8     1    1912357168 |    1912357168
#     r210     |  0   1    -23   -293084148 |    -23     1    -293082676 |    -293082676
#     r211     |  0   1   -100  -1532992032 |   -100     1   -1532985632 |   -1532985632
#     r212     |  0   1    -40    141792858 |    -40     1     141795418 |     141795418
#     r213     |  0   1     39    480112665 |     39     1     480110169 |     480110169
#     r214     |  0   1    123   -373588190 |    123     1    -373596062 |    -373596062
#     r215     |  0   1   -128    -32049455 |   -128     1     -32041263 |     -32041263
#     r216     |  0   1    -27   -977210384 |    -27     1    -977208656 |    -977208656
#     r217     |  0   0    115   -901436772 |    115     0    -901436772 |    -901436772
#     r218     |  0   1    119  -2027002488 |    119     1   -2027010104 |   -2027010104
#     r219     |  0   0     96  -1902532043 |     96     0   -1902532043 |   -1902532043
#     r220     |  0   1     23  -1995574479 |     23     1   -1995575951 |   -1995575951
#     r221     |  1   1    -58    704095334 |    -58     1           102 |           102
#     r222     |  0   1    118    491753996 |    118     1     491766032 |     491766032
#     r223     |  0   1    125  -1974366813 |    125     1   -1974354063 |   -1974354063
#     r224     |  0   1   -117    423548305 |   -117     1     423536371 |     423536371
#     r225     |  0   0    -85   2067784001 |    -85     0    2067784001 |    2067784001
#     r226     |  0   1     57   1602641316 |     57     1    1602647130 |    1602647130
#     r227     |  1   1     61     30591239 |     61     1             7 |             7
#     r228     |  0   1    -53   1222004292 |    -53     1    1222003921 |    1222003921
#     r229     |  0   0    -84   -340784625 |    -84     0    -340784625 |    -340784625
#     r230     |  0   1    -44  -1899235812 |    -44     1   -1899236120 |   -1899236120
#     r231     |  0   0     11  -1740480479 |     11     0   -1740480479 |   -1740480479
#     r232     |  0   1     57   1353436926 |     57     1    1353437325 |    1353437325
#     r233     |  0   1     50   1149066650 |     50     1    1149067000 |    1149067000
#     r234     |  0   0    -55   -442726969 |    -55     0    -442726969 |    -442726969
#     r235     |  1   0   -127    304981468 |   -127     0           -36 |           -36
#     r236     |  0   0    -20    829536809 |    -20     0     829536809 |     829536809
#     r237     |  0   1     53   -455776263 |     53     1    -455778171 |    -455778171
#     r238     |  0   1   -118  -1916646951 |   -118     1   -1916642703 |   -1916642703
#     r239     |  0   1    108   -129098807 |    108     1    -129102695 |    -129102695
#     r240     |  0   1    127  -1856971390 |    127     1   -1856975962 |   -1856975962
#     r241     |  1   0    -96  -1559677553 |    -96     0          -113 |          -113
#     r242     |  0   1    -42   -968647896 |    -42     1    -968643150 |    -968643150
#     r243     |  0   1     50   2025548076 |     50     1    2025542426 |    2025542426
#     r244     |  0   0     81  -1163318222 |     81     0   -1163318222 |   -1163318222
#     r245     |  0   0     75   -504741202 |     75     0    -504741202 |    -504741202
#     r246     |  1   1    115    417945329 |    115     1           -15 |           -15
#     r247     |  1   1     17  -1458786384 |     17     1           -80 |           -80
#     r248     |  0   1     -6    748432024 |     -6     1     748432504 |     748432504
#     r249     |  0   1     88    869688212 |     88     1     869681172 |     869681172
#     r250     |  1   0     74    642084157 |     74     0            61 |            61
#     r251     |  0   0      5    426105426 |      5     0     426105426 |     426105426
#     r252     |  0   1   -128   1648652855 |   -128     1    1648645047 |    1648645047
#     r253     |  0   0    -53   -824890814 |    -53     0    -824890814 |    -824890814
#     r254     |  0   1    -99   -886012838 |    -99     1    -886018877 |    -886018877
#     r255     |  0   1   -126   1361595099 |   -126     1    1361587413 |    1361587413
#     r256     |  0   0    -27    326445774 |    -27     0     326445774 |     326445774
#     r257     |  0   1    -40    422164009 |    -40     1     422161569 |     422161569
#     r258     |  0   1     73   2102636930 |     73     1    2102641383 |    2102641383
#     r259     |  1   1   -103    925296928 |   -103     1            32 |            32
#     r260     |  0   1      7    542639716 |      7     1     542639940 |     542639940
#     r261     |  1   1   -103   1698487839 |   -103     1            31 |            31
#     r262     |  0   1     77   -575185324 |     77     1    -575182937 |    -575182937
#     r263     |  0   0    104   1903948637 |    104     0    1903948637 |    1903948637
#     r264     |  0   1     40  -1615265216 |     40     1   -1615263976 |   -1615263976
#     r265     |  0   0    -98   -523015618 |    -98     0    -523015618 |    -523015618
#     r266     |  0   1    -37    686258598 |    -37     1     686257451 |     686257451
#     r267     |  0   0    -41  -1558747196 |    -41     0   -1558747196 |   -1558747196
#     r268     |  0   0    -89  -2003169303 |    -89     0   -2003169303 |   -2003169303
#     r269     |  0   1    -20  -1422482761 |    -20     1   -1422483381 |   -1422483381
#     r270     |  0   1     38  -1490222756 |     38     1   -1490221578 |   -1490221578
#     r271     |  0   1    100   1255439732 |    100     1    1255442832 |    1255442832
#     r272     |  0   0     44  -1966430980 |     44     0   -1966430980 |   -1966430980
#     r273     |  0   0     92   1228136197 |     92     0    1228136197 |    1228136197
#     r274     |  0   0     41  -1011955022 |     41     0   -1011955022 |   -1011955022
#     r275     |  0   1     71  -1312480674 |     71     1   -1312478473 |   -1312478473
#     r276     |  0   1     60   1900680628 |     60     1    1900682488 |    1900682488
#     r277     |  0   1    -88     21894376 |    -88     1      21891648 |      21891648
#     r278     |  0   1     53  -1359893044 |     53     1   -1359891401 |   -1359891401
#     r279     |  0   1    -90    621489182 |    -90     1     621486392 |     621486392
#     r280     |  0   1     20    -15152392 |     20     1     -15151772 |     -15151772
#     r281     |  0   0    -25  -2038305050 |    -25     0   -2038305050 |   -2038305050
#     r282     |  0   1    -83   -658558041 |    -83     1    -658560614 |    -658560614
#     r283     |  0   1    -90   -718629080 |    -90     1    -718631870 |    -718631870
#     r284     |  0   1    105   2034806161 |    105     1    2034809416 |    2034809416
#     r285     |  0   1     52   1271149555 |     52     1    1271151167 |    1271151167
#     r286     |  0   0    -58    501763105 |    -58     0     501763105 |     501763105
#     r287     |  0   0     93   1356003680 |     93     0    1356003680 |    1356003680
#     r288     |  0   1     30  -1969040786 |     30     1   -1969039856 |   -1969039856
#     r289     |  0   0     -1   1311422595 |     -1     0    1311422595 |    1311422595
#     r290     |  0   1    -57   -609246290 |    -57     1    -609248057 |    -609248057
#     r291     |  0   1     34  -1150489398 |     34     1   -1150488344 |   -1150488344
#     r292     |  0   1     88    754287517 |     88     1     754290245 |     754290245
#     r293     |  1   1    -37    883948137 |    -37     1           105 |           105
#     r294     |  0   1    117    664066866 |    117     1     664079151 |     664079151
#     r295     |  0   0     47   1623228576 |     47     0    1623228576 |    1623228576
#     r296     |  0   1     37   1126350466 |     37     1    1126354351 |    1126354351
#     r297     |  0   1    -36    515705855 |    -36     1     515702075 |     515702075
#     r298     |  0   1    109   1053085698 |    109     1    1053097143 |    1053097143
#     r299     |  1   0     38   1077289117 |     38     0           -99 |           -99
#     r300     |  0   1   -116   -546101050 |   -116     1    -546089566 |    -546089566
#     r301     |  1   1     45   -748076312 |     45     1           -24 |           -24
#     r302     |  0   1    -29  -1591988513 |    -29     1   -1591987817 |   -1591987817
#     r303     |  0   0   -106  -1791232625 |   -106     0   -1791232625 |   -1791232625
#     r304     |  0   0     12    111223526 |     12     0     111223526 |     111223526
#     r305     |  0   1     62   -780768017 |     62     1    -780769505 |    -780769505
#     r306     |  0   1     90    634160185 |     90     1     634158025 |     634158025
#     r307     |  0   1    -75    186561003 |    -75     1     186562803 |     186562803
#     r308     |  0   1     12   -397228822 |     12     1    -397229110 |    -397229110
#     r309     |  0   1     93  -1182445115 |     93     1   -1182447347 |   -1182447347
#     r310     |  0   0     73  -1613972335 |     73     0   -1613972335 |   -1613972335
#     r311     |  0   1     49    686320127 |     49     1     686318951 |     686318951
#     r312     |  0   1    -48  -2007409018 |    -48     1   -2007407866 |   -2007407866
#     r313     |  0   1     89    -81911180 |     89     1     -81913316 |     -81913316
#     r314     |  0   1     63  -1548366211 |     63     1   -1548367723 |   -1548367723
#     r315     |  0   1     17    474153892 |     17     1     474153484 |     474153484
#     r316     |  1   0      9   1488959282 |      9     0            50 |            50
#     r317     |  0   0   -105  -1115182420 |   -105     0   -1115182420 |   -1115182420
#     r318     |  0   1    -21   -386254952 |    -21     1    -386256002 |    -386256002
#     r319     |  0   1    119    547236233 |    119     1     547242183 |     547242183
#     r320     |  0   1     42  -1816507917 |     42     1   -1816505817 |   -1816505817
#     r321     |  1   1    -66   -143501766 |    -66     1            58 |            58
#     r322     |  0   1   -119    182553938 |   -119     1     182547036 |     182547036
#     r323     |  1   1    -37   -686947433 |    -37     1          -105 |          -105
#     r324     |  0   1   -120   1104745770 |   -120     1    1104758370 |    1104758370
#     r325     |  0   0    112   1436966940 |    112     0    1436966940 |    1436966940
#     r326     |  1   1     83   -150560726 |     83     1            42 |            42
#     r327     |  0   1    108    519499846 |    108     1     519504382 |     519504382
#     r328     |  0   1    -46  -1707667072 |    -46     1   -1707669004 |   -1707669004
#     r329     |  0   1   -106  -1483920952 |   -106     1   -1483925404 |   -1483925404
#     r330     |  0   1     20   1592290829 |     20     1    1592291669 |    1592291669
#     r331     |  0   1     70   -627349488 |     70     1    -627346548 |    -627346548
#     r332     |  0   1    -58   2120967346 |    -58     1    2120964910 |    2120964910
#     r333     |  0   1    -40    971530458 |    -40     1     971528778 |     971528778
#     r334     |  0   0   -125  -1083678860 |   -125     0   -1083678860 |   -1083678860
#     r335     |  0   1    103  -2063364564 |    103     1   -2063360238 |   -2063360238
#     r336     |  0   0    114    -41699928 |    114     0     -41699928 |     -41699928
#     r337     |  0   1    110  -1925705723 |    110     1   -1925701103 |   -1925701103
#     r338     |  0   0    -10  -2096488606 |    -10     0   -2096488606 |   -2096488606
#     r339     |  0   1     65    996820901 |     65     1     996823631 |     996823631
#     r340     |  0   0     55   2069202412 |     55     0    2069202412 |    2069202412
#     r341     |  0   1   -109    401470843 |   -109     1     401466265 |     401466265
#     r342     |  0   0   -118   -571999350 |   -118     0    -571999350 |    -571999350
#     r343     |  0   1     13   -207048076 |     13     1    -207047530 |    -207047530
#     r344     |  0   1    -24  -1701811841 |    -24     1   -1701812849 |   -1701812849
#     r345     |  1   1     -6   -613410681 |     -6     1          -121 |          -121
#     r346     |  1   0    -78    134626761 |    -78     0           -55 |           -55
#     r347     |  0   1     84    412291317 |     84     1     412286697 |     412286697
#     r348     |  0   1    -54   -350770945 |    -54     1    -350767975 |    -350767975
#     r349     |  0   1    -17  -1873838479 |    -17     1   -1873837544 |   -1873837544
#     r350     |  0   0     70  -1954190061 |     70     0   -1954190061 |   -1954190061
#     r351     |  0   0   -126   1490906870 |   -126     0    1490906870 |    1490906870
#     r352     |  0   1    -44   1132098667 |    -44     1    1132101087 |    1132101087
#     r353     |  0   1    -76  -1287801122 |    -76     1   -1287796942 |   -1287796942
#     r354     |  0   0     64   1004556527 |     64     0    1004556527 |    1004556527
#     r355     |  0   1    107   -435922189 |    107     1    -435928074 |    -435928074
#     r356     |  1   1    -45    761754037 |    -45     1           -75 |           -75
#     r357     |  0   0     88   -575662466 |     88     0    -575662466 |    -575662466
#     r358     |  0   1   -114   -339851732 |   -114     1    -339843182 |    -339843182
#     r359     |  0   0     66    312505648 |     66     0     312505648 |     312505648
#     r360     |  0   1    -45  -1784110560 |    -45     1   -1784107185 |   -1784107185
#     r361     |  0   1    127    863817516 |    127     1     863807991 |     863807991
#     r362     |  0   1     37    720683473 |     37     1     720680698 |     720680698
#     r363     |  0   1    124   -266118847 |    124     1    -266128147 |    -266128147
#     r364     |  0   1    -55   -337264611 |    -55     1    -337260486 |    -337260486
#     r365     |  0   1     17   -682030062 |     17     1    -682031337 |    -682031337
#     r366     |  0   0     90   1288044249 |     90     0    1288044249 |    1288044249
#     r367     |  0   1    -93   1006645550 |    -93     1    1006652525 |    1006652525
#     r368     |  0   1   -116    825953559 |   -116     1     825962259 |     825962259
#     r369     |  0   1    121   -696241832 |    121     1    -696250907 |    -696250907
#     r370     |  0   1    -93    517275312 |    -93     1     517282287 |     517282287
#     r371     |  0   1    -76  -1001631770 |    -76     1   -1001626070 |   -1001626070
#     r372     |  0   1     68  -1556050516 |     68     1   -1556055616 |   -1556055616
#     r373     |  1   1    -30    142092006 |    -30     1           -26 |           -26
#     r374     |  0   1     51   1405861539 |     51     1    1405860213 |    1405860213
#     r375     |  0   1     49   2138699630 |     49     1    2138698356 |    2138698356
#     r376     |  0   0     -1   -671234547 |     -1     0    -671234547 |    -671234547
#     r377     |  0   1   -127    200405683 |   -127     1     200408985 |     200408985
#     r378     |  0   1     17   -430902708 |     17     1    -430903150 |    -430903150
#     r379     |  0   0     36     21578035 |     36     0      21578035 |      21578035
#     r380     |  1   1     44   1859885409 |     44     1            97 |            97
#     r381     |  0   1     77    993461414 |     77     1     993468883 |     993468883
#     r382     |  0   0     98   1545061549 |     98     0    1545061549 |    1545061549
#     r383     |  1   0    -50   1021044396 |    -50     0           -84 |           -84
#     r384     |  0   0   -128  -1123667648 |   -128     0   -1123667648 |   -1123667648
#     r385     |  0   1     70   1219345150 |     70     1    1219339270 |    1219339270
#     r386     |  0   1     79  -1194174835 |     79     1   -1194181471 |   -1194181471
#     r387     |  0   1     87  -1433769691 |     87     1   -1433776999 |   -1433776999
#     r388     |  0   0     76   1093237722 |     76     0    1093237722 |    1093237722
#     r389     |  0   1     62   1409107767 |     62     1    1409102559 |    1409102559
#     r390     |  0   1    -94    804130437 |    -94     1     804138333 |     804138333
#     r391     |  0   1    -63   -593447822 |    -63     1    -593442530 |    -593442530
#     r392     |  0   1    -37   1236670935 |    -37     1    1236674043 |    1236674043
#     r393     |  0   0    -39    462671020 |    -39     0     462671020 |     462671020
#     r394     |  0   0   -107     63152387 |   -107     0      63152387 |      63152387
#     r395     |  0   0    -57  -2121980702 |    -57     0   -2121980702 |   -2121980702
#     r396     |  0   1    117    104645156 |    117     1     104635328 |     104635328
#     r397     |  0   1    121   -650587261 |    121     1    -650597425 |    -650597425
#     r398     |  0   1   -108    483098143 |   -108     1     483107215 |     483107215
#     r399     |  1   0    -79      -580822 |    -79     0            42 |            42
#     r400     |  0   1    114   -106486289 |    114     1    -106481501 |    -106481501
#     r401     |  1   1      3  -1295998165 |      3     1            43 |            43
#     r402     |  0   0     62    494136237 |     62     0     494136237 |     494136237
#     r403     |  0   1    -75  -1527748466 |    -75     1   -1527751691 |   -1527751691
#     r404     |  0   1     14    483502117 |     14     1     483502719 |     483502719
#     r405     |  0   1     66   1440364815 |     66     1    1440367653 |    1440367653
#     r406     |  0   1     -8  -1124071872 |     -8     1   -1124072216 |   -1124072216
#     r407     |  0   1    124   -726486187 |    124     1    -726480855 |    -726480855
#     r408     |  0   1     64   -643149965 |     64     1    -643147213 |    -643147213
#     r409     |  0   0     -4    328000856 |     -4     0     328000856 |     328000856
#     r410     |  0   0     -7   2122650244 |     -7     0    2122650244 |    2122650244
#     r411     |  0   1     31   1607161057 |     31     1    1607162390 |    1607162390
#     r412     |  0   0     30    958474373 |     30     0     958474373 |     958474373
#     r413     |  0   1    -32  -1770196146 |    -32     1   -1770197522 |   -1770197522
#     r414     |  0   0   -109  -1015266383 |   -109     0   -1015266383 |   -1015266383
#     r415     |  0   1     12   1762300262 |     12     1    1762300778 |    1762300778
#     r416     |  0   1    -90   -545842739 |    -90     1    -545846609 |    -545846609
#     r417     |  0   0     96   -753557861 |     96     0    -753557861 |    -753557861
#     r418     |  0   1    -63    545284308 |    -63     1     545281599 |     545281599
#     r419     |  0   1     42    493539669 |     42     1     493541475 |     493541475
#     r420     |  0   1     34  -2026966142 |     34     1   -2026964680 |   -2026964680
#     r421     |  0   1    104    446954411 |    104     1     446958883 |     446958883
#     r422     |  0   1    119    336261637 |    119     1     336266754 |     336266754
#     r423     |  0   1     68   -791675808 |     68     1    -791672884 |    -791672884
#     r424     |  0   1    -16    819088308 |    -16     1     819087620 |     819087620
#     r425     |  0   0    -75   1499544308 |    -75     0    1499544308 |    1499544308
#     r426     |  0   1    -89  -1433633981 |    -89     1   -1433637808 |   -1433637808
#     r427     |  0   1    -16   1077315503 |    -16     1    1077314815 |    1077314815
#     r428     |  0   1     39    342200207 |     39     1     342201884 |     342201884
#     r429     |  0   1    104     55466218 |    104     1      55470690 |      55470690
#     r430     |  0   1    -38    929335773 |    -38     1     929334139 |     929334139
#     r431     |  0   1     87   -757078101 |     87     1    -757074360 |    -757074360
#     r432     |  0   1    -11  -1478608795 |    -11     1   -1478609268 |   -1478609268
#     r433     |  0   1    -97   1853271345 |    -97     1    1853267174 |    1853267174
#     r434     |  1   0      9    993743456 |      9     0            96 |            96
#     r435     |  1   0    -13   1402911769 |    -13     0            25 |            25
#     r436     |  0   0   -108   -528262058 |   -108     0    -528262058 |    -528262058
#     r437     |  0   1     60   -232307973 |     60     1    -232306473 |    -232306473
#     r438     |  0   0    -71  -1584960771 |    -71     0   -1584960771 |   -1584960771
#     r439     |  0   1    -64    700022889 |    -64     1     700021289 |     700021289
#     r440     |  1   1    -32  -2104104624 |    -32     1            80 |            80
#     r441     |  0   1    124  -1473772545 |    124     1   -1473762625 |   -1473762625
#     r442     |  0   1     43  -1564981498 |     43     1   -1564978058 |   -1564978058
#     r443     |  0   0    -47   1914976017 |    -47     0    1914976017 |    1914976017
#     r444     |  0   1     94  -2126575490 |     94     1   -2126567970 |   -2126567970
#     r445     |  0   1     31    536369871 |     31     1     536372351 |     536372351
#     r446     |  0   1     22    384378390 |     22     1     384380150 |     384380150
#     r447     |  0   1    -59  -1675667330 |    -59     1   -1675672050 |   -1675672050
#     r448     |  0   1    -51   1294453729 |    -51     1    1294449649 |    1294449649
#     r449     |  0   1     48   -528119428 |     48     1    -528115588 |    -528115588
#     r450     |  0   1   -122  -1740738063 |   -122     1   -1740747823 |   -1740747823
#     r451     |  0   1    -61    407507012 |    -61     1     407502132 |     407502132
#     r452     |  0   0     67  -1910806705 |     67     0   -1910806705 |   -1910806705
#     r453     |  1   1     84    890350186 |     84     1           106 |           106
#     r454     |  0   0   -103    875076555 |   -103     0     875076555 |     875076555
#     r455     |  0   1     66   1497846897 |     66     1    1497853893 |    1497853893
#     r456     |  0   1    -39   1848322459 |    -39     1    1848318325 |    1848318325
#     r457     |  0   1    114   -883976518 |    114     1    -883964434 |    -883964434
#     r458     |  0   0   -100   1362001687 |   -100     0    1362001687 |    1362001687
#     r459     |  1   1      0   1809563112 |      0     1           -24 |           -24
#     r460     |  0   0     75    238525586 |     75     0     238525586 |     238525586
#     r461     |  0   0     82    169429677 |     82     0     169429677 |     169429677
#     r462     |  0   0    120  -1297569328 |    120     0   -1297569328 |   -1297569328
#     r463     |  0   1     18   1090995514 |     18     1    1090995082 |    1090995082
#     r464     |  0   1    -64  -1674555625 |    -64     1   -1674554089 |   -1674554089
#     r465     |  0   0     77  -1491007261 |     77     0   -1491007261 |   -1491007261
#     r466     |  0   1     85  -1637587381 |     85     1   -1637589421 |   -1637589421
#     r467     |  0   0    -50   1092280421 |    -50     0    1092280421 |    1092280421
#     r468     |  0   1    -41   1634788791 |    -41     1    1634789775 |    1634789775
#     r469     |  0   0     -2    367710346 |     -2     0     367710346 |     367710346
#     r470     |  0   1     97    103404017 |     97     1     103401689 |     103401689
#     r471     |  0   1   -123   -860600133 |   -123     1    -860597181 |    -860597181
#     r472     |  0   1     57   1349341155 |     57     1    1349339787 |    1349339787
#     r473     |  0   1    106    251014386 |    106     1     251011842 |     251011842
#     r474     |  0   0    102     61955290 |    102     0      61955290 |      61955290
#     r475     |  0   1     29  -1329963915 |     29     1   -1329964611 |   -1329964611
#     r476     |  0   1     75   -235919452 |     75     1    -235921252 |    -235921252
#     r477     |  0   1    -95  -1128585755 |    -95     1   -1128583475 |   -1128583475
#     r478     |  0   1    -99   -875612446 |    -99     1    -875610070 |    -875610070
#     r479     |  0   1     27   1428539855 |     27     1    1428539207 |    1428539207
#     r480     |  1   1    -25  -1210509456 |    -25     1           112 |           112
#     r481     |  0   1    -91   -969814004 |    -91     1    -969824196 |    -969824196
#     r482     |  0   1     38    777399151 |     38     1     777403407 |     777403407
#     r483     |  0   1    -67   -445273800 |    -67     1    -445281304 |    -445281304
#     r484     |  0   1     39    477498910 |     39     1     477503278 |     477503278
#     r485     |  0   1    -92   1548201795 |    -92     1    1548191491 |    1548191491
#     r486     |  0   1     -1   1456423942 |     -1     1    1456423830 |    1456423830
#     r487     |  1   0     54   -641396158 |     54     0            66 |            66
#     r488     |  0   1     10   2088375476 |     10     1    2088376136 |    2088376136
#     r489     |  0   1     61    450524384 |     61     1     450528410 |     450528410
#     r490     |  0   1    -38   -501473226 |    -38     1    -501475734 |    -501475734
#     r491     |  0   1    -33   -262434210 |    -33     1    -262436388 |    -262436388
#     r492     |  0   1    -57     82339475 |    -57     1      82335713 |      82335713
#     r493     |  0   1    119    289568411 |    119     1     289576265 |     289576265
#     r494     |  1   1    -38   -473616454 |    -38     1           -70 |           -70
#     r495     |  0   1     97    559996085 |     97     1     559989295 |     559989295
#     r496     |  0   0   -113  -1988821085 |   -113     0   -1988821085 |   -1988821085
#     r497     |  0   0   -124   -217851007 |   -124     0    -217851007 |    -217851007
#     r498     |  0   1    109    726448483 |    109     1     726440853 |     726440853
#     r499     |  0   1    -87   1202300066 |    -87     1    1202306156 |    1202306156
#     ---- T6 statistics ----------------------------------------
#       cycles driven        : 500
#       wload cycles         : 52
#       valid cycles         : 363
#       checks made          : 1500  (3 per cycle)
#       psum_out range seen  : -2130233437 .. 2138698356
#     T6 ends: 1500 checks, 0 errors  [PASS]
# 
#   -----------------------------------------------------------------
#   T7 : reset mid-stream, then reuse
#   -----------------------------------------------------------------
#     asserting rst_n=0 while valid_in=1, a_in=99, psum_in=1234
#     -> a_out=0  valid_out=0  psum_out=0  (all must be 0)
#     reset released; the PE must be immediately usable again:
#     step     | wl vld   a_in      psum_in |  a_out vld_o      psum_out |      expected
#     ---------+------------------------------+------------------------------+--------------
#     T7-ld    |  1   0      0            6 |      0     0             6 |             6
#     T7-mac   |  0   1      7            8 |      7     1            50 |            50
#          -> 8 + 6*7 = 50   (expected 50)
#     T7 ends: 10 checks, 0 errors  [PASS]
# 
#   =================================================================
#    SECTION SUMMARY : tb_processing_element
#   =================================================================
#    SEC    DESCRIPTION                                     CHECKS  ERRORS  STATUS
#    ------ ---------------------------------------------- ------- -------  ------
#    T1     reset clears every register                          3       0  PASS
#    T2     directed MAC arithmetic, hand-computed              28       0  PASS
#    T3     valid_in low bypasses the adder                      7       0  PASS
#    T4     weight-shift path exposes the stored weight          8       0  PASS
#    T5     horizontal pipeline delays a_in and valid_in        10       0  PASS
#    T6     500 random cycles vs reference model              1500       0  PASS
#    T7     reset mid-stream, then reuse                        10       0  PASS
#    ------ ---------------------------------------------- ------- -------
#    TOTAL                                                    1566       0
#   =================================================================
#    TOTALS: 1566 checks, 0 errors
#    simulated time : 5226 ns
#    RESULT: PASS - tb_processing_element
#   =================================================================
#     step     | wl vld   a_in      psum_in |  a_out vld_o      psum_out |      expected
# ** Note: $finish    : C:/Users/nanda/Desktop/verification_individual/test_benches/tb_processing_element.sv(375)
#    Time: 5226 ns  Iteration: 0  Instance: /tb_processing_element
# End time: 17:35:02 on Jul 30,2026, Elapsed time: 0:00:06
# Errors: 0, Warnings: 0
